email_hash,category,file_name
b9f6f22276c919da793da65c76345ebb0b072257d12402107d09c89bc369a6b6,Satchels,accessories.csv
c2b5fa9e09ef2464a2b9ed7e351a5e1499823083c057913c6995fdf4335c73e7,Purses,accessories.csv
b9f6f22276c919da793da65c76345ebb0b072257d12402107d09c89bc369a6b6,Blouses,clothing.csv
c2b5fa9e09ef2464a2b9ed7e351a5e1499823083c057913c6995fdf4335c73e7,Shirts,clothing.csv
b9f6f22276c919da793da65c76345ebb0b072257d12402107d09c89bc369a6b6,Kitchen Cleaner,household_cleaners.csv
c2b5fa9e09ef2464a2b9ed7e351a5e1499823083c057913c6995fdf4335c73e7,Kitchen Cleaner,household_cleaners.csv